[dotenv@17.2.3] injecting env (4) from .env -- tip: ≡ƒ¢á∩╕Å  run anywhere with `dotenvx run -- yourcommand`
Connected to MongoDB
Register Status: 404
Register Response Text: <!DOCTYPE html>
<html lang="en">
<head>
<meta charset="utf-8">
<title>Error</title>
</head>
<body>
<pre>Cannot POST /api/trainer/register</pre>
</body>
</html>

Login Status: 404
Login Body: <!DOCTYPE html>
<html lang="en">
<head>
<meta charset="utf-8">
<title>Error</title>
</head>
<body>
<pre>Cannot POST /api/trainer/login</pre>
</body>
</html>

node : Test Failed: Error: Login JSON 
parse failed
At line:1 char:1
+ node test-dashboard.js > 
test-output.log 2>&1
+ ~~~~~~~~~~~~~~~~~~~~~~~~~~~~~~~~~~~~~~
~~~~~~~
    + CategoryInfo          : NotSpecif 
   ied: (Test Failed: Er...ON parse fa  
  iled:String) [], RemoteException
    + FullyQualifiedErrorId : NativeCom 
   mandError
 
    at runTest (C:\Users\u\Desktop\Train
IQ\Server\test-dashboard.js:65:19)
    at 
process.processTicksAndRejections (node:
internal/process/task_queues:105:5)
